RC build failed for feature head a707ec6ab13ec967d7713cf537e311719b749b2b

===== build-logs/01-unit-tests.log =====
To honour the JVM settings for this build a single-use Daemon process will be forked. For more on this, please refer to https://docs.gradle.org/9.4.1/userguide/gradle_daemon.html#sec:disabling_the_daemon in the Gradle documentation.
Daemon will be stopped at the end of the build 
> Task :app:preBuild UP-TO-DATE
> Task :app:preDebugBuild UP-TO-DATE
> Task :app:generateDebugBuildConfig
> Task :app:generateDebugResources
> Task :app:packageDebugResources
> Task :app:processDebugNavigationResources
> Task :app:javaPreCompileDebug
> Task :app:parseDebugLocalResources
> Task :app:checkDebugAarMetadata
> Task :app:mapDebugSourceSetPaths
> Task :app:generateDebugRFile
> Task :app:compileDebugNavigationResources
> Task :app:mergeDebugResources
> Task :app:createDebugCompatibleScreenManifests
> Task :app:extractDeepLinksDebug
> Task :app:processDebugMainManifest
> Task :app:processDebugManifest
> Task :app:processDebugManifestForPackage
> Task :app:processDebugResources
> Task :app:preDebugUnitTestBuild UP-TO-DATE
> Task :app:javaPreCompileDebugUnitTest
> Task :app:compileDebugKotlin
> Task :app:compileDebugJavaWithJavac
> Task :app:bundleDebugClassesToCompileJar
> Task :app:bundleDebugClassesToRuntimeJar
> Task :app:processDebugJavaRes

> Task :app:compileDebugUnitTestKotlin FAILED
e: file:///home/runner/work/NeoNote/NeoNote/app/src/test/kotlin/com/neonote/CompleteRichContentEngineTest.kt:34:11 Syntax error: Unexpected tokens (use ';' to separate expressions on the same line).
e: file:///home/runner/work/NeoNote/NeoNote/app/src/test/kotlin/com/neonote/NeoNoteArchiveTest.kt:27:80 Cannot infer type for type parameter 'T'. Specify it explicitly.
e: file:///home/runner/work/NeoNote/NeoNote/app/src/test/kotlin/com/neonote/NeoNoteArchiveTest.kt:69:13 Unresolved reference 'assertContentEquals'.
gradle/actions: Writing build results to /home/runner/work/_temp/.gradle-actions/build-results/__run_3-1785819066234.json

FAILURE: Build failed with an exception.

* What went wrong:
Execution failed for task ':app:compileDebugUnitTestKotlin'.
> A failure occurred while executing org.jetbrains.kotlin.compilerRunner.GradleCompilerRunnerWithWorkers$GradleKotlinCompilerWorkAction
   > Compilation error. See log for more details

* Try:
> Run with --stacktrace option to get the stack trace.
> Run with --info or --debug option to get more log output.
> Run with --scan to get full insights from a Build Scan (powered by Develocity).
> Get more help at https://help.gradle.org.

BUILD FAILED in 55s
24 actionable tasks: 24 executed

